Archive member included to satisfy reference by file (symbol)

/opt/microchip/xc8/v2.46/avr/bin/../lib/gcc/avr/5.4.0/avrxmega2/memx-const/mapped/libgcc.a(_copy_data.o)
                              build/default/debug/mcc_generated_files/system/src/config_bits.o (__do_copy_data)
/opt/microchip/xc8/v2.46/avr/bin/../lib/gcc/avr/5.4.0/../../../../avr/lib/avrxmega2/memx-const/mapped/libc.a(exit.o)
                              /opt/microchip/mplabx/v6.20/packs/Microchip/AVR-Ex_DFP/2.8.189/xc8/avr/lib/avrxmega2/memx-const/mapped/crtavr64ea48.o (exit)
/opt/microchip/xc8/v2.46/avr/bin/../lib/gcc/avr/5.4.0/../../../../avr/lib/avrxmega2/memx-const/mapped/libc.a(stdout.o)
                              build/default/debug/mcc_generated_files/uart/src/usart1.o (_stdout)
/opt/microchip/xc8/v2.46/avr/bin/../lib/gcc/avr/5.4.0/../../../../avr/lib/avrxmega2/memx-const/mapped/libc.a(_Exit.o)
                              /opt/microchip/xc8/v2.46/avr/bin/../lib/gcc/avr/5.4.0/../../../../avr/lib/avrxmega2/memx-const/mapped/libc.a(exit.o) (_Exit)
/opt/microchip/xc8/v2.46/avr/bin/../lib/gcc/avr/5.4.0/avrxmega2/memx-const/mapped/libgcc.a(_exit.o)
                              /opt/microchip/xc8/v2.46/avr/bin/../lib/gcc/avr/5.4.0/../../../../avr/lib/avrxmega2/memx-const/mapped/libc.a(_Exit.o) (_exit)

Allocating common symbols
Common symbol       size              file

__stdout_used       0x2               /opt/microchip/xc8/v2.46/avr/bin/../lib/gcc/avr/5.4.0/../../../../avr/lib/avrxmega2/memx-const/mapped/libc.a(stdout.o)

Discarded input sections

 .data          0x0000000000000000        0x0 /opt/microchip/mplabx/v6.20/packs/Microchip/AVR-Ex_DFP/2.8.189/xc8/avr/lib/avrxmega2/memx-const/mapped/crtavr64ea48.o
 .bss           0x0000000000000000        0x0 /opt/microchip/mplabx/v6.20/packs/Microchip/AVR-Ex_DFP/2.8.189/xc8/avr/lib/avrxmega2/memx-const/mapped/crtavr64ea48.o
 .text          0x0000000000000000        0x0 build/default/debug/mcc_generated_files/system/src/system.o
 .data          0x0000000000000000        0x0 build/default/debug/mcc_generated_files/system/src/system.o
 .bss           0x0000000000000000        0x0 build/default/debug/mcc_generated_files/system/src/system.o
 .text          0x0000000000000000        0x0 build/default/debug/mcc_generated_files/system/src/interrupt.o
 .data          0x0000000000000000        0x0 build/default/debug/mcc_generated_files/system/src/interrupt.o
 .bss           0x0000000000000000        0x0 build/default/debug/mcc_generated_files/system/src/interrupt.o
 .text          0x0000000000000000        0x0 build/default/debug/mcc_generated_files/system/src/config_bits.o
 .data          0x0000000000000000        0x0 build/default/debug/mcc_generated_files/system/src/config_bits.o
 .bss           0x0000000000000000        0x0 build/default/debug/mcc_generated_files/system/src/config_bits.o
 .text          0x0000000000000000        0x0 build/default/debug/mcc_generated_files/system/src/clock.o
 .data          0x0000000000000000        0x0 build/default/debug/mcc_generated_files/system/src/clock.o
 .bss           0x0000000000000000        0x0 build/default/debug/mcc_generated_files/system/src/clock.o
 .text.CFD_Enable
                0x0000000000000000       0x10 build/default/debug/mcc_generated_files/system/src/clock.o
 .text.CFD_Disable
                0x0000000000000000       0x12 build/default/debug/mcc_generated_files/system/src/clock.o
 .text          0x0000000000000000        0x0 build/default/debug/mcc_generated_files/system/src/pins.o
 .data          0x0000000000000000        0x0 build/default/debug/mcc_generated_files/system/src/pins.o
 .bss           0x0000000000000000        0x0 build/default/debug/mcc_generated_files/system/src/pins.o
 .text.IO_PC1_SetInterruptHandler
                0x0000000000000000        0xa build/default/debug/mcc_generated_files/system/src/pins.o
 .text.IO_PC0_SetInterruptHandler
                0x0000000000000000        0xa build/default/debug/mcc_generated_files/system/src/pins.o
 .text          0x0000000000000000        0x0 build/default/debug/mcc_generated_files/system/src/protected_io.o
 .data          0x0000000000000000        0x0 build/default/debug/mcc_generated_files/system/src/protected_io.o
 .bss           0x0000000000000000        0x0 build/default/debug/mcc_generated_files/system/src/protected_io.o
 .text          0x0000000000000000        0x0 build/default/debug/mcc_generated_files/uart/src/usart1.o
 .data          0x0000000000000000        0x0 build/default/debug/mcc_generated_files/uart/src/usart1.o
 .bss           0x0000000000000000        0x0 build/default/debug/mcc_generated_files/uart/src/usart1.o
 .text.USART1_Deinitialize
                0x0000000000000000       0x18 build/default/debug/mcc_generated_files/uart/src/usart1.o
 .text.USART1_TransmitEnable
                0x0000000000000000        0xc build/default/debug/mcc_generated_files/uart/src/usart1.o
 .text.USART1_TransmitDisable
                0x0000000000000000        0xc build/default/debug/mcc_generated_files/uart/src/usart1.o
 .text.USART1_AutoBaudSet
                0x0000000000000000       0x28 build/default/debug/mcc_generated_files/uart/src/usart1.o
 .text.USART1_AutoBaudQuery
                0x0000000000000000        0xa build/default/debug/mcc_generated_files/uart/src/usart1.o
 .text.USART1_IsRxReady
                0x0000000000000000        0xc build/default/debug/mcc_generated_files/uart/src/usart1.o
 .text.USART1_IsTxDone
                0x0000000000000000        0xc build/default/debug/mcc_generated_files/uart/src/usart1.o
 .text.USART1_ErrorGet
                0x0000000000000000       0x72 build/default/debug/mcc_generated_files/uart/src/usart1.o
 .text.USART1_Read
                0x0000000000000000        0x6 build/default/debug/mcc_generated_files/uart/src/usart1.o
 .text.USART1_Write
                0x0000000000000000        0x6 build/default/debug/mcc_generated_files/uart/src/usart1.o
 .text.USART1_FramingErrorCallbackRegister
                0x0000000000000000        0xe build/default/debug/mcc_generated_files/uart/src/usart1.o
 .text.USART1_OverrunErrorCallbackRegister
                0x0000000000000000        0xe build/default/debug/mcc_generated_files/uart/src/usart1.o
 .text.USART1_ParityErrorCallbackRegister
                0x0000000000000000        0xe build/default/debug/mcc_generated_files/uart/src/usart1.o
 .text.USART1_Enable
                0x0000000000000000        0xc build/default/debug/mcc_generated_files/uart/src/usart1.o
 .text.USART1_Disable
                0x0000000000000000        0xc build/default/debug/mcc_generated_files/uart/src/usart1.o
 .text.USART1_ReceiveEnable
                0x0000000000000000        0xc build/default/debug/mcc_generated_files/uart/src/usart1.o
 .text.USART1_ReceiveDisable
                0x0000000000000000        0xc build/default/debug/mcc_generated_files/uart/src/usart1.o
 .text.USART1_IsAutoBaudDetectError
                0x0000000000000000        0xc build/default/debug/mcc_generated_files/uart/src/usart1.o
 .text.USART1_AutoBaudDetectErrorReset
                0x0000000000000000       0x28 build/default/debug/mcc_generated_files/uart/src/usart1.o
 .rodata.UART1  0x0000000000000000       0x30 build/default/debug/mcc_generated_files/uart/src/usart1.o
 .text          0x0000000000000000        0x0 build/default/debug/main.o
 .data          0x0000000000000000        0x0 build/default/debug/main.o
 .bss           0x0000000000000000        0x0 build/default/debug/main.o
 .text          0x0000000000000000        0x0 /opt/microchip/xc8/v2.46/avr/bin/../lib/gcc/avr/5.4.0/avrxmega2/memx-const/mapped/libgcc.a(_copy_data.o)
 .data          0x0000000000000000        0x0 /opt/microchip/xc8/v2.46/avr/bin/../lib/gcc/avr/5.4.0/avrxmega2/memx-const/mapped/libgcc.a(_copy_data.o)
 .bss           0x0000000000000000        0x0 /opt/microchip/xc8/v2.46/avr/bin/../lib/gcc/avr/5.4.0/avrxmega2/memx-const/mapped/libgcc.a(_copy_data.o)
 .text.libgcc.mul
                0x0000000000000000        0x0 /opt/microchip/xc8/v2.46/avr/bin/../lib/gcc/avr/5.4.0/avrxmega2/memx-const/mapped/libgcc.a(_copy_data.o)
 .text.libgcc.div
                0x0000000000000000        0x0 /opt/microchip/xc8/v2.46/avr/bin/../lib/gcc/avr/5.4.0/avrxmega2/memx-const/mapped/libgcc.a(_copy_data.o)
 .text.libgcc   0x0000000000000000        0x0 /opt/microchip/xc8/v2.46/avr/bin/../lib/gcc/avr/5.4.0/avrxmega2/memx-const/mapped/libgcc.a(_copy_data.o)
 .text.libgcc.prologue
                0x0000000000000000        0x0 /opt/microchip/xc8/v2.46/avr/bin/../lib/gcc/avr/5.4.0/avrxmega2/memx-const/mapped/libgcc.a(_copy_data.o)
 .text.libgcc.builtins
                0x0000000000000000        0x0 /opt/microchip/xc8/v2.46/avr/bin/../lib/gcc/avr/5.4.0/avrxmega2/memx-const/mapped/libgcc.a(_copy_data.o)
 .text.libgcc.fmul
                0x0000000000000000        0x0 /opt/microchip/xc8/v2.46/avr/bin/../lib/gcc/avr/5.4.0/avrxmega2/memx-const/mapped/libgcc.a(_copy_data.o)
 .text.libgcc.fixed
                0x0000000000000000        0x0 /opt/microchip/xc8/v2.46/avr/bin/../lib/gcc/avr/5.4.0/avrxmega2/memx-const/mapped/libgcc.a(_copy_data.o)
 .text          0x0000000000000000        0x0 /opt/microchip/xc8/v2.46/avr/bin/../lib/gcc/avr/5.4.0/../../../../avr/lib/avrxmega2/memx-const/mapped/libc.a(exit.o)
 .data          0x0000000000000000        0x0 /opt/microchip/xc8/v2.46/avr/bin/../lib/gcc/avr/5.4.0/../../../../avr/lib/avrxmega2/memx-const/mapped/libc.a(exit.o)
 .bss           0x0000000000000000        0x0 /opt/microchip/xc8/v2.46/avr/bin/../lib/gcc/avr/5.4.0/../../../../avr/lib/avrxmega2/memx-const/mapped/libc.a(exit.o)
 .stack.descriptors
                0x0000000000000000       0x73 /opt/microchip/xc8/v2.46/avr/bin/../lib/gcc/avr/5.4.0/../../../../avr/lib/avrxmega2/memx-const/mapped/libc.a(exit.o)
 .text          0x0000000000000000        0x0 /opt/microchip/xc8/v2.46/avr/bin/../lib/gcc/avr/5.4.0/../../../../avr/lib/avrxmega2/memx-const/mapped/libc.a(stdout.o)
 .data          0x0000000000000000        0x0 /opt/microchip/xc8/v2.46/avr/bin/../lib/gcc/avr/5.4.0/../../../../avr/lib/avrxmega2/memx-const/mapped/libc.a(stdout.o)
 .bss           0x0000000000000000        0x0 /opt/microchip/xc8/v2.46/avr/bin/../lib/gcc/avr/5.4.0/../../../../avr/lib/avrxmega2/memx-const/mapped/libc.a(stdout.o)
 .stack.descriptors
                0x0000000000000000       0x1b /opt/microchip/xc8/v2.46/avr/bin/../lib/gcc/avr/5.4.0/../../../../avr/lib/avrxmega2/memx-const/mapped/libc.a(stdout.o)
 .text.__init_stdout
                0x0000000000000000       0x1e /opt/microchip/xc8/v2.46/avr/bin/../lib/gcc/avr/5.4.0/../../../../avr/lib/avrxmega2/memx-const/mapped/libc.a(stdout.o)
 .data.f        0x0000000000000000       0x10 /opt/microchip/xc8/v2.46/avr/bin/../lib/gcc/avr/5.4.0/../../../../avr/lib/avrxmega2/memx-const/mapped/libc.a(stdout.o)
 COMMON         0x0000000000000000        0x2 /opt/microchip/xc8/v2.46/avr/bin/../lib/gcc/avr/5.4.0/../../../../avr/lib/avrxmega2/memx-const/mapped/libc.a(stdout.o)
 .text          0x0000000000000000        0x0 /opt/microchip/xc8/v2.46/avr/bin/../lib/gcc/avr/5.4.0/../../../../avr/lib/avrxmega2/memx-const/mapped/libc.a(_Exit.o)
 .data          0x0000000000000000        0x0 /opt/microchip/xc8/v2.46/avr/bin/../lib/gcc/avr/5.4.0/../../../../avr/lib/avrxmega2/memx-const/mapped/libc.a(_Exit.o)
 .bss           0x0000000000000000        0x0 /opt/microchip/xc8/v2.46/avr/bin/../lib/gcc/avr/5.4.0/../../../../avr/lib/avrxmega2/memx-const/mapped/libc.a(_Exit.o)
 .stack.descriptors
                0x0000000000000000       0x13 /opt/microchip/xc8/v2.46/avr/bin/../lib/gcc/avr/5.4.0/../../../../avr/lib/avrxmega2/memx-const/mapped/libc.a(_Exit.o)
 .text          0x0000000000000000        0x0 /opt/microchip/xc8/v2.46/avr/bin/../lib/gcc/avr/5.4.0/avrxmega2/memx-const/mapped/libgcc.a(_exit.o)
 .data          0x0000000000000000        0x0 /opt/microchip/xc8/v2.46/avr/bin/../lib/gcc/avr/5.4.0/avrxmega2/memx-const/mapped/libgcc.a(_exit.o)
 .bss           0x0000000000000000        0x0 /opt/microchip/xc8/v2.46/avr/bin/../lib/gcc/avr/5.4.0/avrxmega2/memx-const/mapped/libgcc.a(_exit.o)
 .text.libgcc.mul
                0x0000000000000000        0x0 /opt/microchip/xc8/v2.46/avr/bin/../lib/gcc/avr/5.4.0/avrxmega2/memx-const/mapped/libgcc.a(_exit.o)
 .text.libgcc.div
                0x0000000000000000        0x0 /opt/microchip/xc8/v2.46/avr/bin/../lib/gcc/avr/5.4.0/avrxmega2/memx-const/mapped/libgcc.a(_exit.o)
 .text.libgcc   0x0000000000000000        0x0 /opt/microchip/xc8/v2.46/avr/bin/../lib/gcc/avr/5.4.0/avrxmega2/memx-const/mapped/libgcc.a(_exit.o)
 .text.libgcc.prologue
                0x0000000000000000        0x0 /opt/microchip/xc8/v2.46/avr/bin/../lib/gcc/avr/5.4.0/avrxmega2/memx-const/mapped/libgcc.a(_exit.o)
 .stack.descriptors
                0x0000000000000000       0x13 /opt/microchip/xc8/v2.46/avr/bin/../lib/gcc/avr/5.4.0/avrxmega2/memx-const/mapped/libgcc.a(_exit.o)
 .text.libgcc.builtins
                0x0000000000000000        0x0 /opt/microchip/xc8/v2.46/avr/bin/../lib/gcc/avr/5.4.0/avrxmega2/memx-const/mapped/libgcc.a(_exit.o)
 .text.libgcc.fmul
                0x0000000000000000        0x0 /opt/microchip/xc8/v2.46/avr/bin/../lib/gcc/avr/5.4.0/avrxmega2/memx-const/mapped/libgcc.a(_exit.o)
 .text.libgcc.fixed
                0x0000000000000000        0x0 /opt/microchip/xc8/v2.46/avr/bin/../lib/gcc/avr/5.4.0/avrxmega2/memx-const/mapped/libgcc.a(_exit.o)

Memory Configuration

Name             Origin             Length             Attributes
text             0x0000000000000000 0x0000000000010000 xr
data             0x0000000000806800 0x0000000000001800 rw !x
eeprom           0x0000000000810000 0x0000000000000200 rw !x
fuse             0x0000000000820000 0x0000000000000010 rw !x
lock             0x0000000000830000 0x0000000000000400 rw !x
signature        0x0000000000840000 0x0000000000000400 rw !x
user_signatures  0x0000000000850000 0x0000000000000400 rw !x
bootrow          0x0000000000860000 0x0000000000000400 rw !x
*default*        0x0000000000000000 0xffffffffffffffff

Linker script and memory map

Address of section .data set to 0x806800
                0x0000000000008000                __RODATA_PM_OFFSET__ = 0x8000
LOAD /opt/microchip/mplabx/v6.20/packs/Microchip/AVR-Ex_DFP/2.8.189/xc8/avr/lib/avrxmega2/memx-const/mapped/crtavr64ea48.o
                0x0000000000000001                __MPLAB_BUILD = 0x1
LOAD build/default/debug/mcc_generated_files/system/src/system.o
LOAD build/default/debug/mcc_generated_files/system/src/interrupt.o
LOAD build/default/debug/mcc_generated_files/system/src/config_bits.o
LOAD build/default/debug/mcc_generated_files/system/src/clock.o
LOAD build/default/debug/mcc_generated_files/system/src/pins.o
LOAD build/default/debug/mcc_generated_files/system/src/protected_io.o
LOAD build/default/debug/mcc_generated_files/uart/src/usart1.o
LOAD build/default/debug/main.o
START GROUP
LOAD /opt/microchip/xc8/v2.46/avr/bin/../lib/gcc/avr/5.4.0/../../../../avr/lib/avrxmega2/memx-const/mapped/libm.a
END GROUP
                0x0000000000000001                __MPLAB_DEBUG = 0x1
                0x0000000000000001                __DEBUG = 0x1
START GROUP
LOAD /opt/microchip/xc8/v2.46/avr/bin/../lib/gcc/avr/5.4.0/avrxmega2/memx-const/mapped/libgcc.a
LOAD /opt/microchip/xc8/v2.46/avr/bin/../lib/gcc/avr/5.4.0/../../../../avr/lib/avrxmega2/memx-const/mapped/libm.a
LOAD /opt/microchip/xc8/v2.46/avr/bin/../lib/gcc/avr/5.4.0/../../../../avr/lib/avrxmega2/memx-const/mapped/libc.a
LOAD /opt/microchip/mplabx/v6.20/packs/Microchip/AVR-Ex_DFP/2.8.189/xc8/avr/lib/avrxmega2/memx-const/mapped/libavr64ea48.a
END GROUP
                [0x0000000000000000]                __TEXT_REGION_ORIGIN__ = DEFINED (__TEXT_REGION_ORIGIN__)?__TEXT_REGION_ORIGIN__:0x0
                [0x0000000000806800]                __DATA_REGION_ORIGIN__ = DEFINED (__DATA_REGION_ORIGIN__)?__DATA_REGION_ORIGIN__:0x802000
                [0x0000000000010000]                __TEXT_REGION_LENGTH__ = DEFINED (__TEXT_REGION_LENGTH__)?__TEXT_REGION_LENGTH__:0x100000
                [0x0000000000001800]                __DATA_REGION_LENGTH__ = DEFINED (__DATA_REGION_LENGTH__)?__DATA_REGION_LENGTH__:0xffa0
                [0x0000000000000200]                __EEPROM_REGION_LENGTH__ = DEFINED (__EEPROM_REGION_LENGTH__)?__EEPROM_REGION_LENGTH__:0x10000
                [0x0000000000000010]                __FUSE_REGION_LENGTH__ = DEFINED (__FUSE_REGION_LENGTH__)?__FUSE_REGION_LENGTH__:0x400
                0x0000000000000400                __LOCK_REGION_LENGTH__ = DEFINED (__LOCK_REGION_LENGTH__)?__LOCK_REGION_LENGTH__:0x400
                0x0000000000000400                __SIGNATURE_REGION_LENGTH__ = DEFINED (__SIGNATURE_REGION_LENGTH__)?__SIGNATURE_REGION_LENGTH__:0x400
                0x0000000000000400                __USER_SIGNATURE_REGION_LENGTH__ = DEFINED (__USER_SIGNATURE_REGION_LENGTH__)?__USER_SIGNATURE_REGION_LENGTH__:0x400
                0x0000000000000400                __BOOTROW_REGION_LENGTH__ = DEFINED (__BOOTROW_REGION_LENGTH__)?__BOOTROW_REGION_LENGTH__:0x400

.hash
 *(.hash)

.dynsym
 *(.dynsym)

.dynstr
 *(.dynstr)

.gnu.version
 *(.gnu.version)

.gnu.version_d
 *(.gnu.version_d)

.gnu.version_r
 *(.gnu.version_r)

.rel.init
 *(.rel.init)

.rela.init
 *(.rela.init)

.rel.text
 *(.rel.text)
 *(.rel.text.*)
 *(.rel.gnu.linkonce.t*)

.rela.text
 *(.rela.text)
 *(.rela.text.*)
 *(.rela.gnu.linkonce.t*)

.rel.fini
 *(.rel.fini)

.rela.fini
 *(.rela.fini)

.rel.rodata
 *(.rel.rodata)
 *(.rel.rodata.*)
 *(.rel.gnu.linkonce.r*)

.rela.rodata
 *(.rela.rodata)
 *(.rela.rodata.*)
 *(.rela.gnu.linkonce.r*)

.rel.data
 *(.rel.data)
 *(.rel.data.*)
 *(.rel.gnu.linkonce.d*)

.rela.data
 *(.rela.data)
 *(.rela.data.*)
 *(.rela.gnu.linkonce.d*)

.rel.ctors
 *(.rel.ctors)

.rela.ctors
 *(.rela.ctors)

.rel.dtors
 *(.rel.dtors)

.rela.dtors
 *(.rela.dtors)

.rel.got
 *(.rel.got)

.rela.got
 *(.rela.got)

.rel.bss
 *(.rel.bss)

.rela.bss
 *(.rela.bss)

.rel.plt
 *(.rel.plt)

.rela.plt
 *(.rela.plt)

.text           0x0000000000000000      0x132
 *(.vectors)
 .vectors       0x0000000000000000       0xb4 /opt/microchip/mplabx/v6.20/packs/Microchip/AVR-Ex_DFP/2.8.189/xc8/avr/lib/avrxmega2/memx-const/mapped/crtavr64ea48.o
                0x0000000000000000                __vectors
                0x0000000000000000                __vector_default
 *(.vectors)
 *(.progmem.gcc*)
 *(.dinit)
 .dinit         0x00000000000000b4       0x18 data_init
                0x00000000000000cc                . = ALIGN (0x2)
 *fill*         0x00000000000000cc        0x0 
                0x00000000000000cc                __trampolines_start = .
 *(.trampolines)
 .trampolines   0x00000000000000cc        0x0 linker stubs
 *(.trampolines*)
                0x00000000000000cc                __trampolines_end = .
 *libprintf_flt.a:*(.progmem.data)
 *libc.a:*(.progmem.data)
                0x00000000000000cc                . = ALIGN (0x2)
 *(.jumptables)
 *(.jumptables*)
 *(.lowtext)
 *(.lowtext*)
                0x00000000000000cc                __ctors_start = .
 *(.ctors)
                0x00000000000000cc                __ctors_end = .
                0x00000000000000cc                __dtors_start = .
 *(.dtors)
                0x00000000000000cc                __dtors_end = .
 SORT(*)(.ctors)
 SORT(*)(.dtors)
 *(.init0)
 .init0         0x00000000000000cc        0x0 /opt/microchip/mplabx/v6.20/packs/Microchip/AVR-Ex_DFP/2.8.189/xc8/avr/lib/avrxmega2/memx-const/mapped/crtavr64ea48.o
                0x00000000000000cc                __init
 *(.init0)
 *(.init1)
 .init1         0x00000000000000cc       0x12 /opt/microchip/mplabx/v6.20/packs/Microchip/AVR-Ex_DFP/2.8.189/xc8/avr/lib/avrxmega2/memx-const/mapped/crtavr64ea48.o
 *(.init1)
 *(.init2)
 .init2         0x00000000000000de        0xc /opt/microchip/mplabx/v6.20/packs/Microchip/AVR-Ex_DFP/2.8.189/xc8/avr/lib/avrxmega2/memx-const/mapped/crtavr64ea48.o
 *(.init2)
 *(.init3)
 *(.init3)
 *(.init4)
 .init4         0x00000000000000ea       0x3c /opt/microchip/xc8/v2.46/avr/bin/../lib/gcc/avr/5.4.0/avrxmega2/memx-const/mapped/libgcc.a(_copy_data.o)
                0x00000000000000ea                __do_copy_data
                0x0000000000000118                __do_clear_bss
 *(.init4)
 *(.init5)
 *(.init5)
 *(.init6)
 *(.init6)
 *(.init7)
 *(.init7)
 *(.init8)
 *(.init8)
 *(.init9)
 .init9         0x0000000000000126        0x8 /opt/microchip/mplabx/v6.20/packs/Microchip/AVR-Ex_DFP/2.8.189/xc8/avr/lib/avrxmega2/memx-const/mapped/crtavr64ea48.o
 *(.init9)
                0x000000000000012e                . = ALIGN (0x2)
 *(.fini9)
 .fini9         0x000000000000012e        0x0 /opt/microchip/xc8/v2.46/avr/bin/../lib/gcc/avr/5.4.0/avrxmega2/memx-const/mapped/libgcc.a(_exit.o)
                0x000000000000012e                _exit
 *(.fini9)
 *(.fini8)
 *(.fini8)
 *(.fini7)
 *(.fini7)
 *(.fini6)
 *(.fini6)
 *(.fini5)
 *(.fini5)
 *(.fini4)
 *(.fini4)
 *(.fini3)
 *(.fini3)
 *(.fini2)
 *(.fini2)
 *(.fini1)
 *(.fini1)
 *(.fini0)
 .fini0         0x000000000000012e        0x4 /opt/microchip/xc8/v2.46/avr/bin/../lib/gcc/avr/5.4.0/avrxmega2/memx-const/mapped/libgcc.a(_exit.o)
 *(.fini0)
                0x0000000000000132                _etext = .

.data           0x0000000000806800        0x0 load address 0x0000000000000132
                [!provide]                        PROVIDE (__data_start, .)
 *(.gnu.linkonce.d*)
 *(.gnu.linkonce.r*)
                0x0000000000806800                . = ALIGN (0x2)
                0x0000000000806800                _edata = .
                [!provide]                        PROVIDE (__data_end, .)

.bss            0x0000000000806800        0x0
                [!provide]                        PROVIDE (__bss_start, .)
 *(COMMON)
                [!provide]                        PROVIDE (__bss_end, .)
                0x0000000000000132                __data_load_start = LOADADDR (.data)
                0x0000000000000132                __data_load_end = (__data_load_start + SIZEOF (.data))

.noinit         0x0000000000806800        0x0
                [!provide]                        PROVIDE (__noinit_start, .)
 *(.noinit*)
                [!provide]                        PROVIDE (__noinit_end, .)
                0x0000000000806800                _end = .

.eeprom         0x0000000000810000        0x0
 *(.eeprom*)
                0x0000000000810000                __eeprom_end = .

.fuse           0x0000000000820000        0x9
 *(.fuse)
 .fuse          0x0000000000820000        0x9 build/default/debug/mcc_generated_files/system/src/config_bits.o
                0x0000000000820000                __fuse
 *(.lfuse)
 *(.hfuse)
 *(.efuse)

.lock
 *(.lock*)

.signature
 *(.signature*)

.user_signatures
 *(.user_signatures*)

.bootrow
 *(.bootrow*)

.stab
 *(.stab)

.stabstr
 *(.stabstr)

.stab.excl
 *(.stab.excl)

.stab.exclstr
 *(.stab.exclstr)

.stab.index
 *(.stab.index)

.stab.indexstr
 *(.stab.indexstr)

.comment        0x0000000000000000       0x5b
 *(.comment)
 .comment       0x0000000000000000       0x2f build/default/debug/mcc_generated_files/system/src/system.o
                                         0x30 (size before relaxing)
 .comment       0x000000000000002f       0x30 build/default/debug/mcc_generated_files/system/src/interrupt.o
 .comment       0x000000000000002f       0x30 build/default/debug/mcc_generated_files/system/src/config_bits.o
 .comment       0x000000000000002f       0x30 build/default/debug/mcc_generated_files/system/src/clock.o
 .comment       0x000000000000002f       0x30 build/default/debug/mcc_generated_files/system/src/pins.o
 .comment       0x000000000000002f       0x30 build/default/debug/mcc_generated_files/uart/src/usart1.o
 .comment       0x000000000000002f       0x30 build/default/debug/main.o
 .comment       0x000000000000002f       0x2c /opt/microchip/xc8/v2.46/avr/bin/../lib/gcc/avr/5.4.0/../../../../avr/lib/avrxmega2/memx-const/mapped/libc.a(exit.o)
                                         0x2d (size before relaxing)
 .comment       0x000000000000005b       0x2d /opt/microchip/xc8/v2.46/avr/bin/../lib/gcc/avr/5.4.0/../../../../avr/lib/avrxmega2/memx-const/mapped/libc.a(stdout.o)
 .comment       0x000000000000005b       0x2d /opt/microchip/xc8/v2.46/avr/bin/../lib/gcc/avr/5.4.0/../../../../avr/lib/avrxmega2/memx-const/mapped/libc.a(_Exit.o)

.stack.descriptors.hdr
                0x0000000000000000       0x38
 .stack.descriptors.hdr
                0x0000000000000000        0xe /opt/microchip/xc8/v2.46/avr/bin/../lib/gcc/avr/5.4.0/../../../../avr/lib/avrxmega2/memx-const/mapped/libc.a(exit.o)
 .stack.descriptors.hdr
                0x000000000000000e        0xe /opt/microchip/xc8/v2.46/avr/bin/../lib/gcc/avr/5.4.0/../../../../avr/lib/avrxmega2/memx-const/mapped/libc.a(stdout.o)
 .stack.descriptors.hdr
                0x000000000000001c        0xe /opt/microchip/xc8/v2.46/avr/bin/../lib/gcc/avr/5.4.0/../../../../avr/lib/avrxmega2/memx-const/mapped/libc.a(_Exit.o)
 .stack.descriptors.hdr
                0x000000000000002a        0xe /opt/microchip/xc8/v2.46/avr/bin/../lib/gcc/avr/5.4.0/avrxmega2/memx-const/mapped/libgcc.a(_exit.o)

.note.GNU-stack
                0x0000000000000000        0x0
 .note.GNU-stack
                0x0000000000000000        0x0 /opt/microchip/xc8/v2.46/avr/bin/../lib/gcc/avr/5.4.0/../../../../avr/lib/avrxmega2/memx-const/mapped/libc.a(exit.o)
 .note.GNU-stack
                0x0000000000000000        0x0 /opt/microchip/xc8/v2.46/avr/bin/../lib/gcc/avr/5.4.0/../../../../avr/lib/avrxmega2/memx-const/mapped/libc.a(stdout.o)
 .note.GNU-stack
                0x0000000000000000        0x0 /opt/microchip/xc8/v2.46/avr/bin/../lib/gcc/avr/5.4.0/../../../../avr/lib/avrxmega2/memx-const/mapped/libc.a(_Exit.o)

.note.gnu.build-id
 *(.note.gnu.build-id)

.debug
 *(.debug)

.line
 *(.line)

.debug_srcinfo
 *(.debug_srcinfo)

.debug_sfnames
 *(.debug_sfnames)

.debug_aranges  0x0000000000000000      0x218
 *(.debug_aranges)
 .debug_aranges
                0x0000000000000000       0x20 build/default/debug/mcc_generated_files/system/src/system.o
 .debug_aranges
                0x0000000000000020       0x20 build/default/debug/mcc_generated_files/system/src/interrupt.o
 .debug_aranges
                0x0000000000000040       0x18 build/default/debug/mcc_generated_files/system/src/config_bits.o
 .debug_aranges
                0x0000000000000058       0x30 build/default/debug/mcc_generated_files/system/src/clock.o
 .debug_aranges
                0x0000000000000088       0x70 build/default/debug/mcc_generated_files/system/src/pins.o
 .debug_aranges
                0x00000000000000f8       0x20 build/default/debug/mcc_generated_files/system/src/protected_io.o
 .debug_aranges
                0x0000000000000118       0xe0 build/default/debug/mcc_generated_files/uart/src/usart1.o
 .debug_aranges
                0x00000000000001f8       0x20 build/default/debug/main.o

.debug_pubnames
 *(.debug_pubnames)

.debug_info     0x0000000000000000     0x6166
 *(.debug_info .gnu.linkonce.wi.*)
 .debug_info    0x0000000000000000     0x2d2e /opt/microchip/mplabx/v6.20/packs/Microchip/AVR-Ex_DFP/2.8.189/xc8/avr/lib/avrxmega2/memx-const/mapped/crtavr64ea48.o
 .debug_info    0x0000000000002d2e      0x313 build/default/debug/mcc_generated_files/system/src/system.o
 .debug_info    0x0000000000003041      0x3fa build/default/debug/mcc_generated_files/system/src/interrupt.o
 .debug_info    0x000000000000343b      0x8af build/default/debug/mcc_generated_files/system/src/config_bits.o
 .debug_info    0x0000000000003cea      0x990 build/default/debug/mcc_generated_files/system/src/clock.o
 .debug_info    0x000000000000467a      0x874 build/default/debug/mcc_generated_files/system/src/pins.o
 .debug_info    0x0000000000004eee       0x81 build/default/debug/mcc_generated_files/system/src/protected_io.o
 .debug_info    0x0000000000004f6f      0xf4f build/default/debug/mcc_generated_files/uart/src/usart1.o
 .debug_info    0x0000000000005ebe      0x2a8 build/default/debug/main.o

.debug_abbrev   0x0000000000000000     0x3292
 *(.debug_abbrev)
 .debug_abbrev  0x0000000000000000     0x2aca /opt/microchip/mplabx/v6.20/packs/Microchip/AVR-Ex_DFP/2.8.189/xc8/avr/lib/avrxmega2/memx-const/mapped/crtavr64ea48.o
 .debug_abbrev  0x0000000000002aca       0x58 build/default/debug/mcc_generated_files/system/src/system.o
 .debug_abbrev  0x0000000000002b22       0xfa build/default/debug/mcc_generated_files/system/src/interrupt.o
 .debug_abbrev  0x0000000000002c1c       0x97 build/default/debug/mcc_generated_files/system/src/config_bits.o
 .debug_abbrev  0x0000000000002cb3      0x14d build/default/debug/mcc_generated_files/system/src/clock.o
 .debug_abbrev  0x0000000000002e00      0x14a build/default/debug/mcc_generated_files/system/src/pins.o
 .debug_abbrev  0x0000000000002f4a       0x14 build/default/debug/mcc_generated_files/system/src/protected_io.o
 .debug_abbrev  0x0000000000002f5e      0x2d7 build/default/debug/mcc_generated_files/uart/src/usart1.o
 .debug_abbrev  0x0000000000003235       0x5d build/default/debug/main.o

.debug_line     0x0000000000000000     0x105e
 *(.debug_line .debug_line.* .debug_line_end)
 .debug_line    0x0000000000000000      0x1e0 /opt/microchip/mplabx/v6.20/packs/Microchip/AVR-Ex_DFP/2.8.189/xc8/avr/lib/avrxmega2/memx-const/mapped/crtavr64ea48.o
 .debug_line    0x00000000000001e0       0xf3 build/default/debug/mcc_generated_files/system/src/system.o
 .debug_line    0x00000000000002d3      0x17d build/default/debug/mcc_generated_files/system/src/interrupt.o
 .debug_line    0x0000000000000450       0xea build/default/debug/mcc_generated_files/system/src/config_bits.o
 .debug_line    0x000000000000053a      0x1b7 build/default/debug/mcc_generated_files/system/src/clock.o
 .debug_line    0x00000000000006f1      0x3bf build/default/debug/mcc_generated_files/system/src/pins.o
 .debug_line    0x0000000000000ab0       0x6d build/default/debug/mcc_generated_files/system/src/protected_io.o
 .debug_line    0x0000000000000b1d      0x4e0 build/default/debug/mcc_generated_files/uart/src/usart1.o
 .debug_line    0x0000000000000ffd       0x61 build/default/debug/main.o

.debug_frame    0x0000000000000000      0x37c
 *(.debug_frame)
 .debug_frame   0x0000000000000000       0x24 build/default/debug/mcc_generated_files/system/src/system.o
 .debug_frame   0x0000000000000024       0x24 build/default/debug/mcc_generated_files/system/src/interrupt.o
 .debug_frame   0x0000000000000048       0x44 build/default/debug/mcc_generated_files/system/src/clock.o
 .debug_frame   0x000000000000008c      0x120 build/default/debug/mcc_generated_files/system/src/pins.o
 .debug_frame   0x00000000000001ac      0x1ac build/default/debug/mcc_generated_files/uart/src/usart1.o
 .debug_frame   0x0000000000000358       0x24 build/default/debug/main.o

.debug_str      0x0000000000000000     0x1439
 *(.debug_str)
 .debug_str     0x0000000000000000     0x1375 /opt/microchip/mplabx/v6.20/packs/Microchip/AVR-Ex_DFP/2.8.189/xc8/avr/lib/avrxmega2/memx-const/mapped/crtavr64ea48.o
 .debug_str     0x0000000000001375       0x4c build/default/debug/mcc_generated_files/system/src/system.o
 .debug_str     0x00000000000013c1       0x13 build/default/debug/mcc_generated_files/system/src/interrupt.o
 .debug_str     0x00000000000013d4        0x0 build/default/debug/mcc_generated_files/system/src/config_bits.o
 .debug_str     0x00000000000013d4       0x13 build/default/debug/mcc_generated_files/system/src/clock.o
 .debug_str     0x00000000000013e7       0x30 build/default/debug/mcc_generated_files/system/src/pins.o
 .debug_str     0x0000000000001417       0x10 build/default/debug/mcc_generated_files/uart/src/usart1.o
 .debug_str     0x0000000000001427       0x12 build/default/debug/main.o

.debug_loc      0x0000000000000000      0x32b
 *(.debug_loc)
 .debug_loc     0x0000000000000000       0x2a build/default/debug/mcc_generated_files/system/src/interrupt.o
 .debug_loc     0x000000000000002a      0x263 build/default/debug/mcc_generated_files/system/src/clock.o
 .debug_loc     0x000000000000028d       0x9e build/default/debug/mcc_generated_files/uart/src/usart1.o

.debug_macinfo
 *(.debug_macinfo)

.debug_weaknames
 *(.debug_weaknames)

.debug_funcnames
 *(.debug_funcnames)

.debug_typenames
 *(.debug_typenames)

.debug_varnames
 *(.debug_varnames)

.debug_pubtypes
 *(.debug_pubtypes)

.debug_ranges   0x0000000000000000      0x180
 *(.debug_ranges)
 .debug_ranges  0x0000000000000000       0x10 build/default/debug/mcc_generated_files/system/src/system.o
 .debug_ranges  0x0000000000000010       0x10 build/default/debug/mcc_generated_files/system/src/interrupt.o
 .debug_ranges  0x0000000000000020       0x20 build/default/debug/mcc_generated_files/system/src/clock.o
 .debug_ranges  0x0000000000000040       0x60 build/default/debug/mcc_generated_files/system/src/pins.o
 .debug_ranges  0x00000000000000a0       0xd0 build/default/debug/mcc_generated_files/uart/src/usart1.o
 .debug_ranges  0x0000000000000170       0x10 build/default/debug/main.o

.debug_macro
 *(.debug_macro)
OUTPUT(dist/default/debug/AVRCIExample.X.debug.elf elf32-avr)
LOAD linker stubs
LOAD data_init

.note.gnu.avr.deviceinfo
                0x0000000000000000       0x3c
 .note.gnu.avr.deviceinfo
                0x0000000000000000       0x3c /opt/microchip/mplabx/v6.20/packs/Microchip/AVR-Ex_DFP/2.8.189/xc8/avr/lib/avrxmega2/memx-const/mapped/crtavr64ea48.o

.bss.IO_PC0_InterruptHandler
                0x0000000000806810        0x2
 .bss.IO_PC0_InterruptHandler
                0x0000000000806810        0x2 build/default/debug/mcc_generated_files/system/src/pins.o

.bss.IO_PC1_InterruptHandler
                0x0000000000806812        0x2
 .bss.IO_PC1_InterruptHandler
                0x0000000000806812        0x2 build/default/debug/mcc_generated_files/system/src/pins.o

.bss.USART1_ParityErrorHandler
                0x0000000000806814        0x2
 .bss.USART1_ParityErrorHandler
                0x0000000000806814        0x2 build/default/debug/mcc_generated_files/uart/src/usart1.o
                0x0000000000806814                USART1_ParityErrorHandler

.bss.USART1_OverrunErrorHandler
                0x0000000000806816        0x2
 .bss.USART1_OverrunErrorHandler
                0x0000000000806816        0x2 build/default/debug/mcc_generated_files/uart/src/usart1.o
                0x0000000000806816                USART1_OverrunErrorHandler

.bss.USART1_FramingErrorHandler
                0x0000000000806818        0x2
 .bss.USART1_FramingErrorHandler
                0x0000000000806818        0x2 build/default/debug/mcc_generated_files/uart/src/usart1.o
                0x0000000000806818                USART1_FramingErrorHandler

.bss.usart1RxLastError
                0x000000000080681a        0x2
 .bss.usart1RxLastError
                0x000000000080681a        0x2 build/default/debug/mcc_generated_files/uart/src/usart1.o

.bss.__stdout   0x000000000080681e        0x2
 .bss.__stdout  0x000000000080681e        0x2 /opt/microchip/xc8/v2.46/avr/bin/../lib/gcc/avr/5.4.0/../../../../avr/lib/avrxmega2/memx-const/mapped/libc.a(stdout.o)

.text.PIN_MANAGER_Initialize
                0x0000000000000132      0x10c
 .text.PIN_MANAGER_Initialize
                0x0000000000000132      0x10c build/default/debug/mcc_generated_files/system/src/pins.o
                0x0000000000000132                PIN_MANAGER_Initialize

.text.CLOCK_Initialize
                0x000000000000023e       0x9c
 .text.CLOCK_Initialize
                0x000000000000023e       0x9c build/default/debug/mcc_generated_files/system/src/clock.o
                0x000000000000023e                CLOCK_Initialize

.text.__vector_27
                0x00000000000002da       0x64
 .text.__vector_27
                0x00000000000002da       0x64 build/default/debug/mcc_generated_files/system/src/pins.o
                0x00000000000002da                __vector_27

.text.USART1_Initialize
                0x000000000000033e       0x5c
 .text.USART1_Initialize
                0x000000000000033e       0x5c build/default/debug/mcc_generated_files/uart/src/usart1.o
                0x000000000000033e                USART1_Initialize

.text.CPUINT_Initialize
                0x000000000000039a       0x18
 .text.CPUINT_Initialize
                0x000000000000039a       0x18 build/default/debug/mcc_generated_files/system/src/interrupt.o
                0x000000000000039a                CPUINT_Initialize

.text.USART1_printCHAR
                0x00000000000003b2       0x18
 .text.USART1_printCHAR
                0x00000000000003b2       0x18 build/default/debug/mcc_generated_files/uart/src/usart1.o
                0x00000000000003b2                USART1_printCHAR

.text.exit      0x00000000000003ca       0x16
 .text.exit     0x00000000000003ca       0x16 /opt/microchip/xc8/v2.46/avr/bin/../lib/gcc/avr/5.4.0/../../../../avr/lib/avrxmega2/memx-const/mapped/libc.a(exit.o)
                0x00000000000003ca                exit

.text.SYSTEM_Initialize
                0x00000000000003e0       0x12
 .text.SYSTEM_Initialize
                0x00000000000003e0       0x12 build/default/debug/mcc_generated_files/system/src/system.o
                0x00000000000003e0                SYSTEM_Initialize

.text.USART1_IsTxReady
                0x00000000000003f2        0xc
 .text.USART1_IsTxReady
                0x00000000000003f2        0xc build/default/debug/mcc_generated_files/uart/src/usart1.o
                0x00000000000003f2                USART1_IsTxReady

.text.__vector_7
                0x00000000000003fe        0xa
 .text.__vector_7
                0x00000000000003fe        0xa build/default/debug/mcc_generated_files/system/src/pins.o
                0x00000000000003fe                __vector_7

.text.__vector_44
                0x0000000000000408        0xa
 .text.__vector_44
                0x0000000000000408        0xa build/default/debug/mcc_generated_files/system/src/pins.o
                0x0000000000000408                __vector_44

.text.__vector_21
                0x0000000000000412        0xa
 .text.__vector_21
                0x0000000000000412        0xa build/default/debug/mcc_generated_files/system/src/pins.o
                0x0000000000000412                __vector_21

.text.__vector_43
                0x000000000000041c        0xa
 .text.__vector_43
                0x000000000000041c        0xa build/default/debug/mcc_generated_files/system/src/pins.o
                0x000000000000041c                __vector_43

.text.__vector_32
                0x0000000000000426        0xa
 .text.__vector_32
                0x0000000000000426        0xa build/default/debug/mcc_generated_files/system/src/pins.o
                0x0000000000000426                __vector_32

.text.protected_write_io
                0x0000000000000430        0x8
 .text.protected_write_io
                0x0000000000000430        0x8 build/default/debug/mcc_generated_files/system/src/protected_io.o
                0x0000000000000430                protected_write_io

.text.main      0x0000000000000438        0x6
 .text.main     0x0000000000000438        0x6 build/default/debug/main.o
                0x0000000000000438                main

.text           0x000000000000043e        0x4
 .text          0x000000000000043e        0x4 /opt/microchip/mplabx/v6.20/packs/Microchip/AVR-Ex_DFP/2.8.189/xc8/avr/lib/avrxmega2/memx-const/mapped/crtavr64ea48.o
                0x000000000000043e                __vector_38
                0x000000000000043e                __vector_22
                0x000000000000043e                __vector_28
                0x000000000000043e                __vector_1
                0x000000000000043e                __vector_34
                0x000000000000043e                __vector_24
                0x000000000000043e                __vector_12
                0x000000000000043e                __bad_interrupt
                0x000000000000043e                __vector_6
                0x000000000000043e                __vector_31
                0x000000000000043e                __vector_35
                0x000000000000043e                __vector_39
                0x000000000000043e                __vector_3
                0x000000000000043e                __vector_23
                0x000000000000043e                __vector_30
                0x000000000000043e                __vector_25
                0x000000000000043e                __vector_11
                0x000000000000043e                __vector_13
                0x000000000000043e                __vector_17
                0x000000000000043e                __vector_19
                0x000000000000043e                __vector_41
                0x000000000000043e                __vector_5
                0x000000000000043e                __vector_33
                0x000000000000043e                __vector_37
                0x000000000000043e                __vector_4
                0x000000000000043e                __vector_9
                0x000000000000043e                __vector_2
                0x000000000000043e                __vector_15
                0x000000000000043e                __vector_36
                0x000000000000043e                __vector_29
                0x000000000000043e                __vector_40
                0x000000000000043e                __vector_8
                0x000000000000043e                __vector_26
                0x000000000000043e                __vector_14
                0x000000000000043e                __vector_10
                0x000000000000043e                __vector_16
                0x000000000000043e                __vector_18
                0x000000000000043e                __vector_20
                0x000000000000043e                __vector_42

.text._Exit     0x0000000000000442        0x4
 .text._Exit    0x0000000000000442        0x4 /opt/microchip/xc8/v2.46/avr/bin/../lib/gcc/avr/5.4.0/../../../../avr/lib/avrxmega2/memx-const/mapped/libc.a(_Exit.o)
                0x0000000000000442                _Exit

.text.IO_PC1_DefaultInterruptHandler
                0x0000000000000446        0x2
 .text.IO_PC1_DefaultInterruptHandler
                0x0000000000000446        0x2 build/default/debug/mcc_generated_files/system/src/pins.o
                0x0000000000000446                IO_PC1_DefaultInterruptHandler

.text.IO_PC0_DefaultInterruptHandler
                0x0000000000000448        0x2
 .text.IO_PC0_DefaultInterruptHandler
                0x0000000000000448        0x2 build/default/debug/mcc_generated_files/system/src/pins.o
                0x0000000000000448                IO_PC0_DefaultInterruptHandler

.text.USART1_DefaultFramingErrorCallback
                0x000000000000044a        0x2
 .text.USART1_DefaultFramingErrorCallback
                0x000000000000044a        0x2 build/default/debug/mcc_generated_files/uart/src/usart1.o

.text.USART1_DefaultOverrunErrorCallback
                0x000000000000044c        0x2
 .text.USART1_DefaultOverrunErrorCallback
                0x000000000000044c        0x2 build/default/debug/mcc_generated_files/uart/src/usart1.o

.text.USART1_DefaultParityErrorCallback
                0x000000000000044e        0x2
 .text.USART1_DefaultParityErrorCallback
                0x000000000000044e        0x2 build/default/debug/mcc_generated_files/uart/src/usart1.o

.text.__dummy_fini
                0x0000000000000450        0x2
 .text.__dummy_fini
                0x0000000000000450        0x2 /opt/microchip/xc8/v2.46/avr/bin/../lib/gcc/avr/5.4.0/../../../../avr/lib/avrxmega2/memx-const/mapped/libc.a(exit.o)
                0x0000000000000450                _fini

.text.__dummy_funcs_on_exit
                0x0000000000000452        0x2
 .text.__dummy_funcs_on_exit
                0x0000000000000452        0x2 /opt/microchip/xc8/v2.46/avr/bin/../lib/gcc/avr/5.4.0/../../../../avr/lib/avrxmega2/memx-const/mapped/libc.a(exit.o)
                0x0000000000000452                __funcs_on_exit

.text.__dummy_simulator_exit
                0x0000000000000454        0x2
 .text.__dummy_simulator_exit
                0x0000000000000454        0x2 /opt/microchip/xc8/v2.46/avr/bin/../lib/gcc/avr/5.4.0/../../../../avr/lib/avrxmega2/memx-const/mapped/libc.a(exit.o)
                0x0000000000000454                __simulator_exit

.data.USART1_stream
                0x0000000000806800       0x10 load address 0x0000000000000456
 .data.USART1_stream
                0x0000000000806800       0x10 build/default/debug/mcc_generated_files/uart/src/usart1.o
                0x0000000000806800                USART1_stream

.data._stdout   0x000000000080681c        0x2 load address 0x0000000000000466
 .data._stdout  0x000000000080681c        0x2 /opt/microchip/xc8/v2.46/avr/bin/../lib/gcc/avr/5.4.0/../../../../avr/lib/avrxmega2/memx-const/mapped/libc.a(stdout.o)
                0x000000000080681c                _stdout
